
> my-website@0.0.0 build
> docusaurus build

[INFO] [en] Creating an optimized production build...
[dotenv@17.2.3] injecting env (0) from .env -- tip: ÔÜÖ´©Å  override existing env vars with { override: true }
[dotenv@17.2.3] injecting env (0) from .env -- tip: Ô£à audit secrets and track compliance: https://dotenvx.com/ops

[INFO] Docusaurus version: 3.9.2
Node version: v22.20.0
node.exe : [ERROR] Error: Unable to build website for locale en.
At line:1 char:1
+ & "C:\Program Files\nodejs/node.exe" "C:\Program Files\nodejs/node_mo ...
+ ~~~~~~~~~~~~~~~~~~~~~~~~~~~~~~~~~~~~~~~~~~~~~~~~~~~~~~~~~~~~~~~~~~~~~
    + CategoryInfo          : NotSpecified: ([ERROR] Error: ... for locale en.:String) [], RemoteException
    + FullyQualifiedErrorId : NativeCommandError
 
    at tryToBuildLocale (D:\Coding world\SDD\Book_RAG\node_modules\@docusaurus\core\lib\commands\build\build.js:83:15)
    at async D:\Coding world\SDD\Book_RAG\node_modules\@docusaurus\core\lib\commands\build\build.js:35:9
    at async mapAsyncSequential (D:\Coding world\SDD\Book_RAG\node_modules\@docusaurus\utils\lib\jsUtils.js:21:24)
    at async Command.build (D:\Coding world\SDD\Book_RAG\node_modules\@docusaurus\core\lib\commands\build\build.js:34:5)
    at async Promise.all (index 0)
    at async runCLI (D:\Coding world\SDD\Book_RAG\node_modules\@docusaurus\core\lib\commands\cli.js:56:5)
    at async file:///D:/Coding%20world/SDD/Book_RAG/node_modules/@docusaurus/core/bin/docusaurus.mjs:44:3 {
  [cause]: Error: Docusaurus could not load module at path "D:\Coding world\SDD\Book_RAG\src\plugins\api\index.js"
  Cause: process.EventEmitter is not a constructor
      at loadFreshModule (D:\Coding world\SDD\Book_RAG\node_modules\@docusaurus\utils\lib\moduleUtils.js:36:15)
      at normalizePluginConfig (D:\Coding 
world\SDD\Book_RAG\node_modules\@docusaurus\core\lib\server\plugins\configs.js:19:65)
      at D:\Coding world\SDD\Book_RAG\node_modules\@docusaurus\core\lib\server\plugins\configs.js:98:60
      at Array.map (<anonymous>)
      at loadPluginConfigs (D:\Coding 
world\SDD\Book_RAG\node_modules\@docusaurus\core\lib\server\plugins\configs.js:98:38)
      at async initPlugins (D:\Coding world\SDD\Book_RAG\node_modules\@docusaurus\core\lib\server\plugins\init.js:127:27)
      at async D:\Coding world\SDD\Book_RAG\node_modules\@docusaurus\core\lib\server\plugins\plugins.js:143:36
      at async loadSite (D:\Coding world\SDD\Book_RAG\node_modules\@docusaurus\core\lib\server\site.js:155:45)
      at async buildLocale (D:\Coding 
world\SDD\Book_RAG\node_modules\@docusaurus\core\lib\commands\build\buildLocale.js:33:18)
      at async runBuildLocaleTask (D:\Coding 
world\SDD\Book_RAG\node_modules\@docusaurus\core\lib\commands\build\build.js:98:5) {
    [cause]: TypeError: process.EventEmitter is not a constructor
        at D:\Coding world\SDD\Book_RAG\node_modules\postgres-js\lib\postgres-pure.js:378:21
        at evalModule (D:\Coding world\SDD\Book_RAG\node_modules\jiti\dist\jiti.js:1:251913)
        at jiti (D:\Coding world\SDD\Book_RAG\node_modules\jiti\dist\jiti.js:1:249841)
        at D:\Coding world\SDD\Book_RAG\src\lib\db.ts:2:42
        at evalModule (D:\Coding world\SDD\Book_RAG\node_modules\jiti\dist\jiti.js:1:251913)
        at jiti (D:\Coding world\SDD\Book_RAG\node_modules\jiti\dist\jiti.js:1:249841)
        at D:\Coding world\SDD\Book_RAG\src\lib\lucia.ts:4:34
        at evalModule (D:\Coding world\SDD\Book_RAG\node_modules\jiti\dist\jiti.js:1:251913)
        at jiti (D:\Coding world\SDD\Book_RAG\node_modules\jiti\dist\jiti.js:1:249841)
        at D:\Coding world\SDD\Book_RAG\src\plugins\api\index.js:7:18
  }
}
